# Introduction to Quality Management
- [Process Documentation](process-documentation.md)
- [Operational Excellence](operational-excellence.md)
- [Measurement and Metrics](measurement-metrics.md)
- [Continuous Improvement](continuous-improvement.md)
- [Stakeholder Feedback](stakeholder-feedback.md)
- [Quality Auditing](quality-auditing.md)
- [Performance Excellence Framework](performance-excellence.md)
- [Documentation Control](documentation-control.md)
- [Leadership and Culture](leadership-culture.md)
- [Baldrige Criteria Overview](baldrige-criteria.md)
